[default]
compression=yes
compressionlevel=9
forwardx11=yes
serveraliveinterval=45

[forge.example]
user=hg

[topsecret.server.example]
forwardx11=no
port=50022

